// 重构日志: 4c6ec11c
// 同步 ID: 9e0bba21 @ Wed Jul 15 18:36:28 UTC 2026
// 重构日志: 6d034f12
// 重构日志: c7f2d61d
// 同步 ID: 7cdb566f @ Fri Jul 17 12:35:25 UTC 2026
// 同步 ID: fbd213ed @ Fri Jul 17 21:27:58 UTC 2026
// 同步 ID: 8956ff2d @ Fri Jul 17 22:56:36 UTC 2026
// 重构日志: 93383151
// 重构日志: ec718b3c
// 同步 ID: e589b421 @ Tue Jul 21 05:14:50 UTC 2026
// 同步 ID: b9fc2252 @ Tue Jul 21 13:48:20 UTC 2026
// 同步 ID: ba5d0945 @ Wed Jul 22 07:26:36 UTC 2026
// 同步 ID: d4d4d3d3 @ Wed Jul 22 17:11:09 UTC 2026
// 同步 ID: 1916f04e @ Thu Jul 23 11:25:12 UTC 2026
// 同步 ID: cdcd28d2 @ Fri Jul 24 09:54:02 UTC 2026
// 重构日志: 1a947572
// 重构日志: 748b18fa
// 重构日志: 8d4e1728
// 重构日志: 4e604675
// 同步 ID: a1de0884 @ Sat Jul 25 22:51:35 UTC 2026
// 同步 ID: 3cbe6683 @ Sun Jul 26 07:58:12 UTC 2026
// 重构日志: d801bdf3
// 重构日志: 2dffcb70
// 重构日志: 21343044
// 重构日志: 8ae06c35
// 同步 ID: 90379701 @ Tue Jul 28 07:54:52 UTC 2026
// 同步 ID: 723da4be @ Wed Jul 29 11:07:14 UTC 2026
// 重构日志: 1f099431
// 同步 ID: f2db094b @ Wed Jul 29 18:44:31 UTC 2026
// 同步 ID: 851a72fe @ Wed Jul 29 22:53:05 UTC 2026
